[INFO][2026-07-26 14:47:47:112][140357099362048][/home/weng/7_chat/src/server/db/db.cpp:46]connect mysql success!
[INFO][2026-07-26 14:47:47:113][140357099362048][/home/weng/7_chat/src/server/chatservice.cpp:94]user login: id=1
[INFO][2026-07-26 14:47:47:129][140357099362048][/home/weng/7_chat/src/server/db/db.cpp:46]connect mysql success!
[INFO][2026-07-26 14:47:47:158][140357099362048][/home/weng/7_chat/src/server/db/db.cpp:46]connect mysql success!
[INFO][2026-07-26 14:47:47:171][140357099362048][/home/weng/7_chat/src/server/db/db.cpp:46]connect mysql success!
[INFO][2026-07-26 14:47:47:185][140357099362048][/home/weng/7_chat/src/server/db/db.cpp:46]connect mysql success!
[INFO][2026-07-26 14:47:47:197][140357099362048][/home/weng/7_chat/src/server/db/db.cpp:46]connect mysql success!
[INFO][2026-07-26 14:48:12:480][140357099362048][/home/weng/7_chat/src/server/db/db.cpp:46]connect mysql success!
[INFO][2026-07-26 14:48:12:481][140357099362048][/home/weng/7_chat/src/server/chatservice.cpp:306]oneChat offline: 1 -> 2
[INFO][2026-07-26 14:48:12:488][140357099362048][/home/weng/7_chat/src/server/db/db.cpp:46]connect mysql success!
[INFO][2026-07-26 14:48:13:814][140357099362048][/home/weng/7_chat/src/server/chatservice.cpp:236]user loginout: id=1
[INFO][2026-07-26 14:48:13:828][140357099362048][/home/weng/7_chat/src/server/db/db.cpp:46]connect mysql success!
[INFO][2026-07-26 14:48:13:868][140357099362048][/home/weng/7_chat/src/server/db/db.cpp:46]connect mysql success!
[INFO][2026-07-26 14:48:13:872][140357099362048][/home/weng/7_chat/src/server/chatservice.cpp:236]user loginout: id=-1
[INFO][2026-07-26 14:48:13:889][140357099362048][/home/weng/7_chat/src/server/db/db.cpp:46]connect mysql success!
[INFO][2026-07-26 14:48:13:934][140357099362048][/home/weng/7_chat/src/server/db/db.cpp:46]connect mysql success!
[INFO][2026-07-26 14:48:13:953][140357099362048][/home/weng/7_chat/src/server/chatservice.cpp:236]user loginout: id=-1
[INFO][2026-07-26 14:48:13:981][140357099362048][/home/weng/7_chat/src/server/db/db.cpp:46]connect mysql success!
[INFO][2026-07-26 14:48:14:010][140357099362048][/home/weng/7_chat/src/server/db/db.cpp:46]connect mysql success!
[INFO][2026-07-26 14:48:17:689][140357099362048][/home/weng/7_chat/src/server/db/db.cpp:46]connect mysql success!
[INFO][2026-07-26 14:48:17:690][140357099362048][/home/weng/7_chat/src/server/chatservice.cpp:94]user login: id=2
[INFO][2026-07-26 14:48:17:716][140357099362048][/home/weng/7_chat/src/server/db/db.cpp:46]connect mysql success!
[INFO][2026-07-26 14:48:17:735][140357099362048][/home/weng/7_chat/src/server/db/db.cpp:46]connect mysql success!
[INFO][2026-07-26 14:48:17:754][140357099362048][/home/weng/7_chat/src/server/db/db.cpp:46]connect mysql success!
[INFO][2026-07-26 14:48:17:777][140357099362048][/home/weng/7_chat/src/server/db/db.cpp:46]connect mysql success!
[INFO][2026-07-26 14:48:17:796][140357099362048][/home/weng/7_chat/src/server/db/db.cpp:46]connect mysql success!
[INFO][2026-07-26 14:48:17:829][140357099362048][/home/weng/7_chat/src/server/db/db.cpp:46]connect mysql success!
[INFO][2026-07-26 14:48:28:015][140357099362048][/home/weng/7_chat/src/server/chatservice.cpp:236]user loginout: id=2
[INFO][2026-07-26 14:48:28:029][140357099362048][/home/weng/7_chat/src/server/db/db.cpp:46]connect mysql success!
[INFO][2026-07-26 14:48:28:069][140357099362048][/home/weng/7_chat/src/server/db/db.cpp:46]connect mysql success!
[INFO][2026-07-26 14:49:32:291][140357143992832][/home/weng/7_chat/src/server/main.cpp:35]program recv signal[2] to exit.
[INFO][2026-07-26 14:49:32:315][140357143992832][/home/weng/7_chat/src/server/db/db.cpp:46]connect mysql success!
