[INFO][2026-07-26 14:53:45:140][140609855854336][/home/weng/7_chat/src/server/db/db.cpp:46]connect mysql success!
[INFO][2026-07-26 14:53:45:142][140609855854336][/home/weng/7_chat/src/server/chatservice.cpp:94]user login: id=1
[INFO][2026-07-26 14:53:45:155][140609855854336][/home/weng/7_chat/src/server/db/db.cpp:46]connect mysql success!
[INFO][2026-07-26 14:53:45:182][140609855854336][/home/weng/7_chat/src/server/db/db.cpp:46]connect mysql success!
[INFO][2026-07-26 14:53:45:191][140609855854336][/home/weng/7_chat/src/server/db/db.cpp:46]connect mysql success!
[INFO][2026-07-26 14:53:45:204][140609855854336][/home/weng/7_chat/src/server/db/db.cpp:46]connect mysql success!
[INFO][2026-07-26 14:53:45:239][140609855854336][/home/weng/7_chat/src/server/db/db.cpp:46]connect mysql success!
[INFO][2026-07-26 14:53:57:354][140609855854336][/home/weng/7_chat/src/server/chatservice.cpp:236]user loginout: id=1
[INFO][2026-07-26 14:53:57:371][140609855854336][/home/weng/7_chat/src/server/db/db.cpp:46]connect mysql success!
[INFO][2026-07-26 14:53:57:418][140609855854336][/home/weng/7_chat/src/server/db/db.cpp:46]connect mysql success!
[INFO][2026-07-26 14:53:57:433][140609855854336][/home/weng/7_chat/src/server/chatservice.cpp:236]user loginout: id=-1
[INFO][2026-07-26 14:53:57:459][140609855854336][/home/weng/7_chat/src/server/db/db.cpp:46]connect mysql success!
[INFO][2026-07-26 14:53:57:476][140609855854336][/home/weng/7_chat/src/server/db/db.cpp:46]connect mysql success!
[INFO][2026-07-26 14:53:57:479][140609855854336][/home/weng/7_chat/src/server/chatservice.cpp:236]user loginout: id=-1
[INFO][2026-07-26 14:53:57:516][140609855854336][/home/weng/7_chat/src/server/db/db.cpp:46]connect mysql success!
[INFO][2026-07-26 14:53:57:549][140609855854336][/home/weng/7_chat/src/server/db/db.cpp:46]connect mysql success!
[INFO][2026-07-26 14:54:11:207][140609855854336][/home/weng/7_chat/src/server/db/db.cpp:46]connect mysql success!
[INFO][2026-07-26 14:54:11:208][140609855854336][/home/weng/7_chat/src/server/chatservice.cpp:94]user login: id=1
[INFO][2026-07-26 14:54:11:219][140609855854336][/home/weng/7_chat/src/server/db/db.cpp:46]connect mysql success!
[INFO][2026-07-26 14:54:11:241][140609855854336][/home/weng/7_chat/src/server/db/db.cpp:46]connect mysql success!
[INFO][2026-07-26 14:54:11:249][140609855854336][/home/weng/7_chat/src/server/db/db.cpp:46]connect mysql success!
[INFO][2026-07-26 14:54:11:269][140609855854336][/home/weng/7_chat/src/server/db/db.cpp:46]connect mysql success!
[INFO][2026-07-26 14:54:11:310][140609855854336][/home/weng/7_chat/src/server/db/db.cpp:46]connect mysql success!
[INFO][2026-07-26 14:54:17:739][140609855854336][/home/weng/7_chat/src/server/chatservice.cpp:236]user loginout: id=1
[INFO][2026-07-26 14:54:17:759][140609855854336][/home/weng/7_chat/src/server/db/db.cpp:46]connect mysql success!
[INFO][2026-07-26 14:54:17:794][140609855854336][/home/weng/7_chat/src/server/db/db.cpp:46]connect mysql success!
[INFO][2026-07-26 14:54:17:799][140609855854336][/home/weng/7_chat/src/server/chatservice.cpp:236]user loginout: id=-1
[INFO][2026-07-26 14:54:17:821][140609855854336][/home/weng/7_chat/src/server/db/db.cpp:46]connect mysql success!
[INFO][2026-07-26 14:54:17:840][140609855854336][/home/weng/7_chat/src/server/db/db.cpp:46]connect mysql success!
[INFO][2026-07-26 14:54:17:849][140609855854336][/home/weng/7_chat/src/server/chatservice.cpp:236]user loginout: id=-1
[INFO][2026-07-26 14:54:17:881][140609855854336][/home/weng/7_chat/src/server/db/db.cpp:46]connect mysql success!
[INFO][2026-07-26 14:54:17:926][140609855854336][/home/weng/7_chat/src/server/db/db.cpp:46]connect mysql success!
[INFO][2026-07-26 14:54:21:392][140609855854336][/home/weng/7_chat/src/server/db/db.cpp:46]connect mysql success!
[INFO][2026-07-26 14:54:21:396][140609855854336][/home/weng/7_chat/src/server/chatservice.cpp:94]user login: id=1
[INFO][2026-07-26 14:54:21:409][140609855854336][/home/weng/7_chat/src/server/db/db.cpp:46]connect mysql success!
[INFO][2026-07-26 14:54:21:429][140609855854336][/home/weng/7_chat/src/server/db/db.cpp:46]connect mysql success!
[INFO][2026-07-26 14:54:21:448][140609855854336][/home/weng/7_chat/src/server/db/db.cpp:46]connect mysql success!
[INFO][2026-07-26 14:54:21:462][140609855854336][/home/weng/7_chat/src/server/db/db.cpp:46]connect mysql success!
[INFO][2026-07-26 14:54:21:492][140609855854336][/home/weng/7_chat/src/server/db/db.cpp:46]connect mysql success!
[INFO][2026-07-26 14:54:35:468][140609855854336][/home/weng/7_chat/src/server/chatservice.cpp:236]user loginout: id=1
[INFO][2026-07-26 14:54:35:485][140609855854336][/home/weng/7_chat/src/server/db/db.cpp:46]connect mysql success!
[INFO][2026-07-26 14:54:35:503][140609855854336][/home/weng/7_chat/src/server/db/db.cpp:46]connect mysql success!
[INFO][2026-07-26 14:54:35:508][140609855854336][/home/weng/7_chat/src/server/chatservice.cpp:236]user loginout: id=-1
[INFO][2026-07-26 14:54:35:528][140609855854336][/home/weng/7_chat/src/server/db/db.cpp:46]connect mysql success!
[INFO][2026-07-26 14:54:35:571][140609855854336][/home/weng/7_chat/src/server/db/db.cpp:46]connect mysql success!
[INFO][2026-07-26 14:54:35:581][140609855854336][/home/weng/7_chat/src/server/chatservice.cpp:236]user loginout: id=-1
[INFO][2026-07-26 14:54:35:619][140609855854336][/home/weng/7_chat/src/server/db/db.cpp:46]connect mysql success!
[INFO][2026-07-26 14:54:35:656][140609855854336][/home/weng/7_chat/src/server/db/db.cpp:46]connect mysql success!
[INFO][2026-07-26 14:54:50:213][140609855854336][/home/weng/7_chat/src/server/db/db.cpp:46]connect mysql success!
[INFO][2026-07-26 14:54:50:214][140609855854336][/home/weng/7_chat/src/server/chatservice.cpp:174]login failed: id=1
[INFO][2026-07-26 14:54:53:178][140609855854336][/home/weng/7_chat/src/server/db/db.cpp:46]connect mysql success!
[INFO][2026-07-26 14:54:53:182][140609855854336][/home/weng/7_chat/src/server/chatservice.cpp:94]user login: id=1
[INFO][2026-07-26 14:54:53:192][140609855854336][/home/weng/7_chat/src/server/db/db.cpp:46]connect mysql success!
[INFO][2026-07-26 14:54:53:209][140609855854336][/home/weng/7_chat/src/server/db/db.cpp:46]connect mysql success!
[INFO][2026-07-26 14:54:53:223][140609855854336][/home/weng/7_chat/src/server/db/db.cpp:46]connect mysql success!
[INFO][2026-07-26 14:54:53:240][140609855854336][/home/weng/7_chat/src/server/db/db.cpp:46]connect mysql success!
[INFO][2026-07-26 14:54:53:271][140609855854336][/home/weng/7_chat/src/server/db/db.cpp:46]connect mysql success!
[INFO][2026-07-26 14:54:58:282][140609855854336][/home/weng/7_chat/src/server/chatservice.cpp:236]user loginout: id=1
[INFO][2026-07-26 14:54:58:293][140609855854336][/home/weng/7_chat/src/server/db/db.cpp:46]connect mysql success!
[INFO][2026-07-26 14:54:58:361][140609855854336][/home/weng/7_chat/src/server/db/db.cpp:46]connect mysql success!
[INFO][2026-07-26 14:54:58:365][140609855854336][/home/weng/7_chat/src/server/chatservice.cpp:236]user loginout: id=-1
[INFO][2026-07-26 14:54:58:392][140609855854336][/home/weng/7_chat/src/server/db/db.cpp:46]connect mysql success!
[INFO][2026-07-26 14:54:58:422][140609855854336][/home/weng/7_chat/src/server/db/db.cpp:46]connect mysql success!
[INFO][2026-07-26 14:54:58:429][140609855854336][/home/weng/7_chat/src/server/chatservice.cpp:236]user loginout: id=-1
[INFO][2026-07-26 14:54:58:462][140609855854336][/home/weng/7_chat/src/server/db/db.cpp:46]connect mysql success!
[INFO][2026-07-26 14:54:58:486][140609855854336][/home/weng/7_chat/src/server/db/db.cpp:46]connect mysql success!
[INFO][2026-07-26 14:55:11:691][140609855854336][/home/weng/7_chat/src/server/db/db.cpp:46]connect mysql success!
[INFO][2026-07-26 14:55:11:692][140609855854336][/home/weng/7_chat/src/server/chatservice.cpp:94]user login: id=1
[INFO][2026-07-26 14:55:11:705][140609855854336][/home/weng/7_chat/src/server/db/db.cpp:46]connect mysql success!
[INFO][2026-07-26 14:55:11:726][140609855854336][/home/weng/7_chat/src/server/db/db.cpp:46]connect mysql success!
[INFO][2026-07-26 14:55:11:740][140609855854336][/home/weng/7_chat/src/server/db/db.cpp:46]connect mysql success!
[INFO][2026-07-26 14:55:11:756][140609855854336][/home/weng/7_chat/src/server/db/db.cpp:46]connect mysql success!
[INFO][2026-07-26 14:55:11:783][140609855854336][/home/weng/7_chat/src/server/db/db.cpp:46]connect mysql success!
[INFO][2026-07-26 14:55:14:393][140609855854336][/home/weng/7_chat/src/server/chatservice.cpp:236]user loginout: id=1
[INFO][2026-07-26 14:55:14:408][140609855854336][/home/weng/7_chat/src/server/db/db.cpp:46]connect mysql success!
[INFO][2026-07-26 14:55:14:430][140609855854336][/home/weng/7_chat/src/server/db/db.cpp:46]connect mysql success!
[INFO][2026-07-26 14:57:14:076][140609780184832][/home/weng/7_chat/src/server/db/db.cpp:46]connect mysql success!
[INFO][2026-07-26 14:57:14:078][140609780184832][/home/weng/7_chat/src/server/chatservice.cpp:94]user login: id=1
[INFO][2026-07-26 14:57:14:088][140609780184832][/home/weng/7_chat/src/server/db/db.cpp:46]connect mysql success!
[INFO][2026-07-26 14:57:14:117][140609780184832][/home/weng/7_chat/src/server/db/db.cpp:46]connect mysql success!
[INFO][2026-07-26 14:57:14:126][140609780184832][/home/weng/7_chat/src/server/db/db.cpp:46]connect mysql success!
[INFO][2026-07-26 14:57:14:138][140609780184832][/home/weng/7_chat/src/server/db/db.cpp:46]connect mysql success!
[INFO][2026-07-26 14:57:14:157][140609780184832][/home/weng/7_chat/src/server/db/db.cpp:46]connect mysql success!
[INFO][2026-07-26 14:57:19:347][140609780184832][/home/weng/7_chat/src/server/chatservice.cpp:236]user loginout: id=1
[INFO][2026-07-26 14:57:19:357][140609780184832][/home/weng/7_chat/src/server/db/db.cpp:46]connect mysql success!
[INFO][2026-07-26 14:57:19:374][140609780184832][/home/weng/7_chat/src/server/db/db.cpp:46]connect mysql success!
[INFO][2026-07-26 14:57:53:844][140609771792128][/home/weng/7_chat/src/server/db/db.cpp:46]connect mysql success!
[INFO][2026-07-26 14:57:53:850][140609771792128][/home/weng/7_chat/src/server/chatservice.cpp:94]user login: id=1
[INFO][2026-07-26 14:57:53:860][140609771792128][/home/weng/7_chat/src/server/db/db.cpp:46]connect mysql success!
[INFO][2026-07-26 14:57:53:873][140609771792128][/home/weng/7_chat/src/server/db/db.cpp:46]connect mysql success!
[INFO][2026-07-26 14:57:53:886][140609771792128][/home/weng/7_chat/src/server/db/db.cpp:46]connect mysql success!
[INFO][2026-07-26 14:57:53:895][140609771792128][/home/weng/7_chat/src/server/db/db.cpp:46]connect mysql success!
[INFO][2026-07-26 14:57:53:912][140609771792128][/home/weng/7_chat/src/server/db/db.cpp:46]connect mysql success!
[INFO][2026-07-26 14:57:56:668][140609771792128][/home/weng/7_chat/src/server/chatservice.cpp:236]user loginout: id=1
[INFO][2026-07-26 14:57:56:680][140609771792128][/home/weng/7_chat/src/server/db/db.cpp:46]connect mysql success!
[INFO][2026-07-26 14:57:56:702][140609771792128][/home/weng/7_chat/src/server/db/db.cpp:46]connect mysql success!
[INFO][2026-07-26 14:58:20:942][140609763399424][/home/weng/7_chat/src/server/db/db.cpp:46]connect mysql success!
[INFO][2026-07-26 14:58:20:943][140609763399424][/home/weng/7_chat/src/server/chatservice.cpp:94]user login: id=1
[INFO][2026-07-26 14:58:20:952][140609763399424][/home/weng/7_chat/src/server/db/db.cpp:46]connect mysql success!
[INFO][2026-07-26 14:58:20:965][140609763399424][/home/weng/7_chat/src/server/db/db.cpp:46]connect mysql success!
[INFO][2026-07-26 14:58:20:979][140609763399424][/home/weng/7_chat/src/server/db/db.cpp:46]connect mysql success!
[INFO][2026-07-26 14:58:20:994][140609763399424][/home/weng/7_chat/src/server/db/db.cpp:46]connect mysql success!
[INFO][2026-07-26 14:58:21:048][140609763399424][/home/weng/7_chat/src/server/db/db.cpp:46]connect mysql success!
[INFO][2026-07-26 14:58:24:232][140609763399424][/home/weng/7_chat/src/server/chatservice.cpp:236]user loginout: id=1
[INFO][2026-07-26 14:58:24:246][140609763399424][/home/weng/7_chat/src/server/db/db.cpp:46]connect mysql success!
[INFO][2026-07-26 14:58:24:292][140609763399424][/home/weng/7_chat/src/server/db/db.cpp:46]connect mysql success!
[INFO][2026-07-26 14:59:05:199][140609855854336][/home/weng/7_chat/src/server/db/db.cpp:46]connect mysql success!
[INFO][2026-07-26 14:59:05:202][140609855854336][/home/weng/7_chat/src/server/chatservice.cpp:94]user login: id=1
[INFO][2026-07-26 14:59:05:210][140609855854336][/home/weng/7_chat/src/server/db/db.cpp:46]connect mysql success!
[INFO][2026-07-26 14:59:05:224][140609855854336][/home/weng/7_chat/src/server/db/db.cpp:46]connect mysql success!
[INFO][2026-07-26 14:59:05:239][140609855854336][/home/weng/7_chat/src/server/db/db.cpp:46]connect mysql success!
[INFO][2026-07-26 14:59:05:248][140609855854336][/home/weng/7_chat/src/server/db/db.cpp:46]connect mysql success!
[INFO][2026-07-26 14:59:05:304][140609855854336][/home/weng/7_chat/src/server/db/db.cpp:46]connect mysql success!
[INFO][2026-07-26 14:59:10:248][140609855854336][/home/weng/7_chat/src/server/chatservice.cpp:236]user loginout: id=1
[INFO][2026-07-26 14:59:10:266][140609855854336][/home/weng/7_chat/src/server/db/db.cpp:46]connect mysql success!
[INFO][2026-07-26 14:59:10:291][140609855854336][/home/weng/7_chat/src/server/db/db.cpp:46]connect mysql success!
[INFO][2026-07-26 14:59:34:832][140609780184832][/home/weng/7_chat/src/server/db/db.cpp:46]connect mysql success!
[INFO][2026-07-26 14:59:34:837][140609780184832][/home/weng/7_chat/src/server/chatservice.cpp:94]user login: id=1
[INFO][2026-07-26 14:59:34:848][140609780184832][/home/weng/7_chat/src/server/db/db.cpp:46]connect mysql success!
[INFO][2026-07-26 14:59:34:860][140609780184832][/home/weng/7_chat/src/server/db/db.cpp:46]connect mysql success!
[INFO][2026-07-26 14:59:34:872][140609780184832][/home/weng/7_chat/src/server/db/db.cpp:46]connect mysql success!
[INFO][2026-07-26 14:59:34:881][140609780184832][/home/weng/7_chat/src/server/db/db.cpp:46]connect mysql success!
[INFO][2026-07-26 14:59:34:898][140609780184832][/home/weng/7_chat/src/server/db/db.cpp:46]connect mysql success!
[INFO][2026-07-26 14:59:38:635][140609780184832][/home/weng/7_chat/src/server/chatservice.cpp:236]user loginout: id=1
[INFO][2026-07-26 14:59:38:650][140609780184832][/home/weng/7_chat/src/server/db/db.cpp:46]connect mysql success!
[INFO][2026-07-26 14:59:38:670][140609780184832][/home/weng/7_chat/src/server/db/db.cpp:46]connect mysql success!
[INFO][2026-07-26 14:59:57:207][140609771792128][/home/weng/7_chat/src/server/db/db.cpp:46]connect mysql success!
[INFO][2026-07-26 14:59:57:208][140609771792128][/home/weng/7_chat/src/server/chatservice.cpp:94]user login: id=1
[INFO][2026-07-26 14:59:57:216][140609771792128][/home/weng/7_chat/src/server/db/db.cpp:46]connect mysql success!
[INFO][2026-07-26 14:59:57:230][140609771792128][/home/weng/7_chat/src/server/db/db.cpp:46]connect mysql success!
[INFO][2026-07-26 14:59:57:243][140609771792128][/home/weng/7_chat/src/server/db/db.cpp:46]connect mysql success!
[INFO][2026-07-26 14:59:57:251][140609771792128][/home/weng/7_chat/src/server/db/db.cpp:46]connect mysql success!
[INFO][2026-07-26 14:59:57:275][140609771792128][/home/weng/7_chat/src/server/db/db.cpp:46]connect mysql success!
[INFO][2026-07-26 14:59:59:088][140609771792128][/home/weng/7_chat/src/server/chatservice.cpp:236]user loginout: id=1
[INFO][2026-07-26 14:59:59:100][140609771792128][/home/weng/7_chat/src/server/db/db.cpp:46]connect mysql success!
[INFO][2026-07-26 14:59:59:145][140609771792128][/home/weng/7_chat/src/server/db/db.cpp:46]connect mysql success!
[INFO][2026-07-26 15:01:00:139][140609900485120][/home/weng/7_chat/src/server/main.cpp:35]program recv signal[2] to exit.
[INFO][2026-07-26 15:01:00:150][140609900485120][/home/weng/7_chat/src/server/db/db.cpp:46]connect mysql success!
