[INFO][2026-07-26 14:39:18:427][139809104328448][/home/weng/7_chat/src/server/db/db.cpp:46]connect mysql success!
[INFO][2026-07-26 14:39:18:429][139809104328448][/home/weng/7_chat/src/server/chatservice.cpp:94]user login: id=1
[INFO][2026-07-26 14:39:18:441][139809104328448][/home/weng/7_chat/src/server/db/db.cpp:46]connect mysql success!
[INFO][2026-07-26 14:39:18:454][139809104328448][/home/weng/7_chat/src/server/db/db.cpp:46]connect mysql success!
[INFO][2026-07-26 14:39:18:464][139809104328448][/home/weng/7_chat/src/server/db/db.cpp:46]connect mysql success!
[INFO][2026-07-26 14:39:18:475][139809104328448][/home/weng/7_chat/src/server/db/db.cpp:46]connect mysql success!
[INFO][2026-07-26 14:39:18:506][139809104328448][/home/weng/7_chat/src/server/db/db.cpp:46]connect mysql success!
[INFO][2026-07-26 14:39:22:171][139809104328448][/home/weng/7_chat/src/server/chatservice.cpp:236]user loginout: id=1
[INFO][2026-07-26 14:39:22:185][139809104328448][/home/weng/7_chat/src/server/db/db.cpp:46]connect mysql success!
[INFO][2026-07-26 14:39:22:257][139809104328448][/home/weng/7_chat/src/server/db/db.cpp:46]connect mysql success!
[INFO][2026-07-26 14:39:22:274][139809104328448][/home/weng/7_chat/src/server/chatservice.cpp:236]user loginout: id=-1
[INFO][2026-07-26 14:39:22:305][139809104328448][/home/weng/7_chat/src/server/db/db.cpp:46]connect mysql success!
[INFO][2026-07-26 14:39:22:336][139809104328448][/home/weng/7_chat/src/server/db/db.cpp:46]connect mysql success!
[INFO][2026-07-26 14:39:22:346][139809104328448][/home/weng/7_chat/src/server/chatservice.cpp:236]user loginout: id=-1
[INFO][2026-07-26 14:39:22:376][139809104328448][/home/weng/7_chat/src/server/db/db.cpp:46]connect mysql success!
[INFO][2026-07-26 14:39:22:422][139809104328448][/home/weng/7_chat/src/server/db/db.cpp:46]connect mysql success!
[INFO][2026-07-26 14:39:25:833][139809104328448][/home/weng/7_chat/src/server/db/db.cpp:46]connect mysql success!
[INFO][2026-07-26 14:39:25:834][139809104328448][/home/weng/7_chat/src/server/chatservice.cpp:94]user login: id=1
[INFO][2026-07-26 14:39:25:876][139809104328448][/home/weng/7_chat/src/server/db/db.cpp:46]connect mysql success!
[INFO][2026-07-26 14:39:25:904][139809104328448][/home/weng/7_chat/src/server/db/db.cpp:46]connect mysql success!
[INFO][2026-07-26 14:39:25:923][139809104328448][/home/weng/7_chat/src/server/db/db.cpp:46]connect mysql success!
[INFO][2026-07-26 14:39:25:937][139809104328448][/home/weng/7_chat/src/server/db/db.cpp:46]connect mysql success!
[INFO][2026-07-26 14:39:25:952][139809104328448][/home/weng/7_chat/src/server/db/db.cpp:46]connect mysql success!
[INFO][2026-07-26 14:39:29:274][139809104328448][/home/weng/7_chat/src/server/chatservice.cpp:236]user loginout: id=1
[INFO][2026-07-26 14:39:29:285][139809104328448][/home/weng/7_chat/src/server/db/db.cpp:46]connect mysql success!
[INFO][2026-07-26 14:39:29:330][139809104328448][/home/weng/7_chat/src/server/db/db.cpp:46]connect mysql success!
[INFO][2026-07-26 14:39:29:335][139809104328448][/home/weng/7_chat/src/server/chatservice.cpp:236]user loginout: id=-1
[INFO][2026-07-26 14:39:29:361][139809104328448][/home/weng/7_chat/src/server/db/db.cpp:46]connect mysql success!
[INFO][2026-07-26 14:39:29:388][139809104328448][/home/weng/7_chat/src/server/db/db.cpp:46]connect mysql success!
[INFO][2026-07-26 14:39:29:390][139809104328448][/home/weng/7_chat/src/server/chatservice.cpp:236]user loginout: id=-1
[INFO][2026-07-26 14:39:29:411][139809104328448][/home/weng/7_chat/src/server/db/db.cpp:46]connect mysql success!
[INFO][2026-07-26 14:39:29:442][139809104328448][/home/weng/7_chat/src/server/db/db.cpp:46]connect mysql success!
[INFO][2026-07-26 14:39:32:094][139809104328448][/home/weng/7_chat/src/server/db/db.cpp:46]connect mysql success!
[INFO][2026-07-26 14:39:32:096][139809104328448][/home/weng/7_chat/src/server/chatservice.cpp:94]user login: id=2
[INFO][2026-07-26 14:39:32:102][139809104328448][/home/weng/7_chat/src/server/db/db.cpp:46]connect mysql success!
[INFO][2026-07-26 14:39:32:128][139809104328448][/home/weng/7_chat/src/server/db/db.cpp:46]connect mysql success!
[INFO][2026-07-26 14:39:32:140][139809104328448][/home/weng/7_chat/src/server/db/db.cpp:46]connect mysql success!
[INFO][2026-07-26 14:39:32:150][139809104328448][/home/weng/7_chat/src/server/db/db.cpp:46]connect mysql success!
[INFO][2026-07-26 14:39:32:162][139809104328448][/home/weng/7_chat/src/server/db/db.cpp:46]connect mysql success!
[INFO][2026-07-26 14:39:54:649][139809220053504][/home/weng/7_chat/src/server/main.cpp:35]program recv signal[2] to exit.
[INFO][2026-07-26 14:39:54:670][139809220053504][/home/weng/7_chat/src/server/db/db.cpp:46]connect mysql success!
