[INFO][2026-07-26 14:40:22:350][140113296086784][/home/weng/7_chat/src/server/db/db.cpp:46]connect mysql success!
[INFO][2026-07-26 14:40:22:352][140113296086784][/home/weng/7_chat/src/server/chatservice.cpp:94]user login: id=2
[INFO][2026-07-26 14:40:22:360][140113296086784][/home/weng/7_chat/src/server/db/db.cpp:46]connect mysql success!
[INFO][2026-07-26 14:40:22:370][140113296086784][/home/weng/7_chat/src/server/db/db.cpp:46]connect mysql success!
[INFO][2026-07-26 14:40:22:378][140113296086784][/home/weng/7_chat/src/server/db/db.cpp:46]connect mysql success!
[INFO][2026-07-26 14:40:22:386][140113296086784][/home/weng/7_chat/src/server/db/db.cpp:46]connect mysql success!
[INFO][2026-07-26 14:40:22:415][140113296086784][/home/weng/7_chat/src/server/db/db.cpp:46]connect mysql success!
[INFO][2026-07-26 14:40:36:270][140113296086784][/home/weng/7_chat/src/server/db/db.cpp:46]connect mysql success!
[INFO][2026-07-26 14:40:36:271][140113296086784][/home/weng/7_chat/src/server/chatservice.cpp:306]oneChat offline: 2 -> 1
[INFO][2026-07-26 14:40:36:279][140113296086784][/home/weng/7_chat/src/server/db/db.cpp:46]connect mysql success!
[INFO][2026-07-26 14:40:37:858][140113296086784][/home/weng/7_chat/src/server/chatservice.cpp:236]user loginout: id=2
[INFO][2026-07-26 14:40:37:872][140113296086784][/home/weng/7_chat/src/server/db/db.cpp:46]connect mysql success!
[INFO][2026-07-26 14:40:37:917][140113296086784][/home/weng/7_chat/src/server/db/db.cpp:46]connect mysql success!
[INFO][2026-07-26 14:40:37:922][140113296086784][/home/weng/7_chat/src/server/chatservice.cpp:236]user loginout: id=-1
[INFO][2026-07-26 14:40:37:956][140113296086784][/home/weng/7_chat/src/server/db/db.cpp:46]connect mysql success!
[INFO][2026-07-26 14:40:37:984][140113296086784][/home/weng/7_chat/src/server/db/db.cpp:46]connect mysql success!
[INFO][2026-07-26 14:40:37:990][140113296086784][/home/weng/7_chat/src/server/chatservice.cpp:236]user loginout: id=-1
[INFO][2026-07-26 14:40:38:037][140113296086784][/home/weng/7_chat/src/server/db/db.cpp:46]connect mysql success!
[INFO][2026-07-26 14:40:38:074][140113296086784][/home/weng/7_chat/src/server/db/db.cpp:46]connect mysql success!
[INFO][2026-07-26 14:40:40:313][140113296086784][/home/weng/7_chat/src/server/db/db.cpp:46]connect mysql success!
[INFO][2026-07-26 14:40:40:317][140113296086784][/home/weng/7_chat/src/server/chatservice.cpp:94]user login: id=1
[INFO][2026-07-26 14:40:40:327][140113296086784][/home/weng/7_chat/src/server/db/db.cpp:46]connect mysql success!
[INFO][2026-07-26 14:40:40:339][140113296086784][/home/weng/7_chat/src/server/db/db.cpp:46]connect mysql success!
[INFO][2026-07-26 14:40:40:347][140113296086784][/home/weng/7_chat/src/server/db/db.cpp:46]connect mysql success!
[INFO][2026-07-26 14:40:40:358][140113296086784][/home/weng/7_chat/src/server/db/db.cpp:46]connect mysql success!
[INFO][2026-07-26 14:40:40:370][140113296086784][/home/weng/7_chat/src/server/db/db.cpp:46]connect mysql success!
[INFO][2026-07-26 14:40:40:378][140113296086784][/home/weng/7_chat/src/server/db/db.cpp:46]connect mysql success!
[INFO][2026-07-26 14:40:43:062][140113340717568][/home/weng/7_chat/src/server/main.cpp:35]program recv signal[2] to exit.
[INFO][2026-07-26 14:40:43:070][140113340717568][/home/weng/7_chat/src/server/db/db.cpp:46]connect mysql success!
