[INFO][2026-07-26 15:01:36:616][139840020645632][/home/weng/7_chat/src/server/db/db.cpp:46]connect mysql success!
[INFO][2026-07-26 15:01:36:619][139840020645632][/home/weng/7_chat/src/server/chatservice.cpp:94]user login: id=1
[INFO][2026-07-26 15:01:36:634][139840020645632][/home/weng/7_chat/src/server/db/db.cpp:46]connect mysql success!
[INFO][2026-07-26 15:01:36:671][139840020645632][/home/weng/7_chat/src/server/db/db.cpp:46]connect mysql success!
[INFO][2026-07-26 15:01:36:686][139840020645632][/home/weng/7_chat/src/server/db/db.cpp:46]connect mysql success!
[INFO][2026-07-26 15:01:36:695][139840020645632][/home/weng/7_chat/src/server/db/db.cpp:46]connect mysql success!
[INFO][2026-07-26 15:01:36:727][139840020645632][/home/weng/7_chat/src/server/db/db.cpp:46]connect mysql success!
[INFO][2026-07-26 15:01:41:617][139840020645632][/home/weng/7_chat/src/server/chatservice.cpp:236]user loginout: id=1
[INFO][2026-07-26 15:01:41:630][139840020645632][/home/weng/7_chat/src/server/db/db.cpp:46]connect mysql success!
[INFO][2026-07-26 15:01:41:648][139840020645632][/home/weng/7_chat/src/server/db/db.cpp:46]connect mysql success!
[INFO][2026-07-26 15:02:06:350][139840012252928][/home/weng/7_chat/src/server/db/db.cpp:46]connect mysql success!
[INFO][2026-07-26 15:02:06:351][139840012252928][/home/weng/7_chat/src/server/chatservice.cpp:94]user login: id=1
[INFO][2026-07-26 15:02:06:357][139840012252928][/home/weng/7_chat/src/server/db/db.cpp:46]connect mysql success!
[INFO][2026-07-26 15:02:06:407][139840012252928][/home/weng/7_chat/src/server/db/db.cpp:46]connect mysql success!
[INFO][2026-07-26 15:02:06:427][139840012252928][/home/weng/7_chat/src/server/db/db.cpp:46]connect mysql success!
[INFO][2026-07-26 15:02:06:444][139840012252928][/home/weng/7_chat/src/server/db/db.cpp:46]connect mysql success!
[INFO][2026-07-26 15:02:06:472][139840012252928][/home/weng/7_chat/src/server/db/db.cpp:46]connect mysql success!
[INFO][2026-07-26 15:02:08:510][139840012252928][/home/weng/7_chat/src/server/chatservice.cpp:236]user loginout: id=1
[INFO][2026-07-26 15:02:08:526][139840012252928][/home/weng/7_chat/src/server/db/db.cpp:46]connect mysql success!
[INFO][2026-07-26 15:02:08:577][139840012252928][/home/weng/7_chat/src/server/db/db.cpp:46]connect mysql success!
[INFO][2026-07-26 15:04:33:223][139840003860224][/home/weng/7_chat/src/server/db/db.cpp:46]connect mysql success!
[INFO][2026-07-26 15:04:33:224][139840003860224][/home/weng/7_chat/src/server/chatservice.cpp:94]user login: id=1
[INFO][2026-07-26 15:04:33:237][139840003860224][/home/weng/7_chat/src/server/db/db.cpp:46]connect mysql success!
[INFO][2026-07-26 15:04:33:251][139840003860224][/home/weng/7_chat/src/server/db/db.cpp:46]connect mysql success!
[INFO][2026-07-26 15:04:33:261][139840003860224][/home/weng/7_chat/src/server/db/db.cpp:46]connect mysql success!
[INFO][2026-07-26 15:04:33:272][139840003860224][/home/weng/7_chat/src/server/db/db.cpp:46]connect mysql success!
[INFO][2026-07-26 15:04:33:289][139840003860224][/home/weng/7_chat/src/server/db/db.cpp:46]connect mysql success!
[INFO][2026-07-26 15:04:35:988][139840003860224][/home/weng/7_chat/src/server/chatservice.cpp:236]user loginout: id=1
[INFO][2026-07-26 15:04:36:000][139840003860224][/home/weng/7_chat/src/server/db/db.cpp:46]connect mysql success!
[INFO][2026-07-26 15:04:36:016][139840003860224][/home/weng/7_chat/src/server/db/db.cpp:46]connect mysql success!
[INFO][2026-07-26 15:09:07:589][139839995467520][/home/weng/7_chat/src/server/db/db.cpp:46]connect mysql success!
[INFO][2026-07-26 15:09:07:590][139839995467520][/home/weng/7_chat/src/server/chatservice.cpp:94]user login: id=1
[INFO][2026-07-26 15:09:07:601][139839995467520][/home/weng/7_chat/src/server/db/db.cpp:46]connect mysql success!
[INFO][2026-07-26 15:09:07:620][139839995467520][/home/weng/7_chat/src/server/db/db.cpp:46]connect mysql success!
[INFO][2026-07-26 15:09:07:632][139839995467520][/home/weng/7_chat/src/server/db/db.cpp:46]connect mysql success!
[INFO][2026-07-26 15:09:07:644][139839995467520][/home/weng/7_chat/src/server/db/db.cpp:46]connect mysql success!
[INFO][2026-07-26 15:09:07:670][139839995467520][/home/weng/7_chat/src/server/db/db.cpp:46]connect mysql success!
[INFO][2026-07-26 15:09:10:783][139839995467520][/home/weng/7_chat/src/server/chatservice.cpp:236]user loginout: id=1
[INFO][2026-07-26 15:09:10:813][139839995467520][/home/weng/7_chat/src/server/db/db.cpp:46]connect mysql success!
[INFO][2026-07-26 15:09:10:880][139839995467520][/home/weng/7_chat/src/server/db/db.cpp:46]connect mysql success!
[INFO][2026-07-26 15:09:10:890][139839995467520][/home/weng/7_chat/src/server/chatservice.cpp:236]user loginout: id=-1
[INFO][2026-07-26 15:09:10:916][139839995467520][/home/weng/7_chat/src/server/db/db.cpp:46]connect mysql success!
[INFO][2026-07-26 15:09:10:964][139839995467520][/home/weng/7_chat/src/server/db/db.cpp:46]connect mysql success!
[INFO][2026-07-26 15:09:10:971][139839995467520][/home/weng/7_chat/src/server/chatservice.cpp:236]user loginout: id=-1
[INFO][2026-07-26 15:09:10:999][139839995467520][/home/weng/7_chat/src/server/db/db.cpp:46]connect mysql success!
[INFO][2026-07-26 15:09:11:042][139839995467520][/home/weng/7_chat/src/server/db/db.cpp:46]connect mysql success!
[INFO][2026-07-26 15:09:19:352][139839995467520][/home/weng/7_chat/src/server/db/db.cpp:46]connect mysql success!
[INFO][2026-07-26 15:09:19:360][139839995467520][/home/weng/7_chat/src/server/chatservice.cpp:94]user login: id=1
[INFO][2026-07-26 15:09:19:375][139839995467520][/home/weng/7_chat/src/server/db/db.cpp:46]connect mysql success!
[INFO][2026-07-26 15:09:19:404][139839995467520][/home/weng/7_chat/src/server/db/db.cpp:46]connect mysql success!
[INFO][2026-07-26 15:09:19:424][139839995467520][/home/weng/7_chat/src/server/db/db.cpp:46]connect mysql success!
[INFO][2026-07-26 15:09:19:453][139839995467520][/home/weng/7_chat/src/server/db/db.cpp:46]connect mysql success!
[INFO][2026-07-26 15:09:19:469][139839995467520][/home/weng/7_chat/src/server/db/db.cpp:46]connect mysql success!
[INFO][2026-07-26 15:09:23:731][139839995467520][/home/weng/7_chat/src/server/chatservice.cpp:236]user loginout: id=1
[INFO][2026-07-26 15:09:23:744][139839995467520][/home/weng/7_chat/src/server/db/db.cpp:46]connect mysql success!
[INFO][2026-07-26 15:09:23:770][139839995467520][/home/weng/7_chat/src/server/db/db.cpp:46]connect mysql success!
[INFO][2026-07-26 15:09:23:778][139839995467520][/home/weng/7_chat/src/server/chatservice.cpp:236]user loginout: id=-1
[INFO][2026-07-26 15:09:23:793][139839995467520][/home/weng/7_chat/src/server/db/db.cpp:46]connect mysql success!
[INFO][2026-07-26 15:09:23:808][139839995467520][/home/weng/7_chat/src/server/db/db.cpp:46]connect mysql success!
[INFO][2026-07-26 15:09:23:809][139839995467520][/home/weng/7_chat/src/server/chatservice.cpp:236]user loginout: id=-1
[INFO][2026-07-26 15:09:23:830][139839995467520][/home/weng/7_chat/src/server/db/db.cpp:46]connect mysql success!
[INFO][2026-07-26 15:09:23:857][139839995467520][/home/weng/7_chat/src/server/db/db.cpp:46]connect mysql success!
[INFO][2026-07-26 15:09:34:010][139839995467520][/home/weng/7_chat/src/server/db/db.cpp:46]connect mysql success!
[INFO][2026-07-26 15:09:34:013][139839995467520][/home/weng/7_chat/src/server/chatservice.cpp:94]user login: id=1
[INFO][2026-07-26 15:09:34:028][139839995467520][/home/weng/7_chat/src/server/db/db.cpp:46]connect mysql success!
[INFO][2026-07-26 15:09:34:040][139839995467520][/home/weng/7_chat/src/server/db/db.cpp:46]connect mysql success!
[INFO][2026-07-26 15:09:34:049][139839995467520][/home/weng/7_chat/src/server/db/db.cpp:46]connect mysql success!
[INFO][2026-07-26 15:09:34:056][139839995467520][/home/weng/7_chat/src/server/db/db.cpp:46]connect mysql success!
[INFO][2026-07-26 15:09:34:079][139839995467520][/home/weng/7_chat/src/server/db/db.cpp:46]connect mysql success!
[INFO][2026-07-26 15:09:35:404][139839995467520][/home/weng/7_chat/src/server/chatservice.cpp:236]user loginout: id=1
[INFO][2026-07-26 15:09:35:420][139839995467520][/home/weng/7_chat/src/server/db/db.cpp:46]connect mysql success!
[INFO][2026-07-26 15:09:35:449][139839995467520][/home/weng/7_chat/src/server/db/db.cpp:46]connect mysql success!
[INFO][2026-07-26 15:10:38:639][139840020645632][/home/weng/7_chat/src/server/db/db.cpp:46]connect mysql success!
[INFO][2026-07-26 15:10:38:641][139840020645632][/home/weng/7_chat/src/server/chatservice.cpp:94]user login: id=1
[INFO][2026-07-26 15:10:38:652][139840020645632][/home/weng/7_chat/src/server/db/db.cpp:46]connect mysql success!
[INFO][2026-07-26 15:10:38:670][139840020645632][/home/weng/7_chat/src/server/db/db.cpp:46]connect mysql success!
[INFO][2026-07-26 15:10:38:679][139840020645632][/home/weng/7_chat/src/server/db/db.cpp:46]connect mysql success!
[INFO][2026-07-26 15:10:38:698][139840020645632][/home/weng/7_chat/src/server/db/db.cpp:46]connect mysql success!
[INFO][2026-07-26 15:10:38:748][139840020645632][/home/weng/7_chat/src/server/db/db.cpp:46]connect mysql success!
[INFO][2026-07-26 15:10:55:452][139840065276416][/home/weng/7_chat/src/server/main.cpp:35]program recv signal[2] to exit.
[INFO][2026-07-26 15:10:55:461][139840065276416][/home/weng/7_chat/src/server/db/db.cpp:46]connect mysql success!
